post
    id
    name
    author
    category
    tag